[debug] [2026-05-12T13:37:07.563Z] ----------------------------------------------------------------------
[debug] [2026-05-12T13:37:07.565Z] Command:       /home/acriscuolo/.nvm/versions/node/v22.22.2/bin/node /home/acriscuolo/.nvm/versions/node/v22.22.2/bin/firebase login:ci --no-localhost
[debug] [2026-05-12T13:37:07.565Z] CLI Version:   15.17.0
[debug] [2026-05-12T13:37:07.565Z] Platform:      linux
[debug] [2026-05-12T13:37:07.565Z] Node Version:  v22.22.2
[debug] [2026-05-12T13:37:07.566Z] Time:          Tue May 12 2026 15:37:07 GMT+0200 (Ora legale dell’Europa centrale)
[debug] [2026-05-12T13:37:07.566Z] ----------------------------------------------------------------------
[debug] 
[debug] [2026-05-12T13:37:07.567Z] >>> [apiv2][query] GET https://firebase-public.firebaseio.com/cli.json [none]
[warn] ⚠  Authenticating with a `login:ci` token is deprecated and will be removed in a future major version of `firebase-tools`. Instead, use a service account key with `GOOGLE_APPLICATION_CREDENTIALS`: https://cloud.google.com/docs/authentication/getting-started 
[debug] [2026-05-12T13:37:07.583Z] >>> [apiv2][query] POST https://auth.firebase.tools/attest [none]
[debug] [2026-05-12T13:37:07.584Z] >>> [apiv2][body] POST https://auth.firebase.tools/attest {"session_id":"2dad9ada-fdce-455c-805c-8227cbd8d535"}
[debug] [2026-05-12T13:37:08.014Z] <<< [apiv2][status] GET https://firebase-public.firebaseio.com/cli.json 200
[debug] [2026-05-12T13:37:08.014Z] <<< [apiv2][body] GET https://firebase-public.firebaseio.com/cli.json {"cloudBuildErrorAfter":1594252800000,"cloudBuildWarnAfter":1590019200000,"defaultNode10After":1594252800000,"minVersion":"3.0.5","node8DeploysDisabledAfter":1613390400000,"node8RuntimeDisabledAfter":1615809600000,"node8WarnAfter":1600128000000}
[debug] [2026-05-12T13:37:12.118Z] <<< [apiv2][status] POST https://auth.firebase.tools/attest 200
[debug] [2026-05-12T13:37:12.119Z] <<< [apiv2][body] POST https://auth.firebase.tools/attest {"token":"9rPz7e-8qr-1Z9pKKwlY-uqeB1LJprYB0hVY5U9NveU"}
[info] 
[info] To sign in to the Firebase CLI:
[info] 
[info] 1. Take note of your session ID:
[info] 
[info]    2DAD9
[info] 
[info] 2. Visit the URL below on any device and follow the instructions to get your code:
[info] 
[info]    https://auth.firebase.tools/login?code_challenge=D0DMFEJACG3GS_Z7k5to-p7sGjkCFtLgOEc7FPLEeAQ&session=2dad9ada-fdce-455c-805c-8227cbd8d535&attest=9rPz7e-8qr-1Z9pKKwlY-uqeB1LJprYB0hVY5U9NveU
[info] 
[info] 3. Paste or enter the authorization code below once you have it:
[info] 
